     VMA      LMA     Size Align Out     In      Symbol
       0        0        0     1 _Min_Heap_Size = 0
       0        0        0     1 _Min_Stack_Size = 0x400
       0        0        0     1 _estack = 0x20001400
       0        0        0     1 _shared_region = 0x20000000
 8000000  8000000      188     1 .isr_vector
 8000000  8000000        0     1         . = ALIGN ( 4 )
 8000000  8000000      188     1         build/reg.o:(.isr_vector)
 8000000  8000000        0     1                 g_pfnVectors
 8000188  8000188        0     1         . = ALIGN ( 4 )
 8000188  8000188      14c     4 .text
 8000188  8000188        0     1         . = ALIGN ( 4 )
 8000188  8000188        0     4         /tmp/firmware-12dcf7.o:(.text)
 8000188  8000188       c2     4         build/reg.o:(.text)
 8000188  8000188        0     1                 $t.0
 8000189  8000189        0     1                 vRegTestClearFlopRegistersToParameterValue
 80001ab  80001ab        0     1                 ulRegTestCheckFlopRegistersContainParameterValue
 800022a  800022a        0     1                 return_pass
 8000230  8000230        0     1                 return_error
 8000236  8000236        0     1                 $d.1
 800024c  800024c       7c     4         build/reg.o:(.text.Reset_Handler)
 800024c  800024c        0     1                 $t.2
 800024d  800024d       56     1                 Reset_Handler
 8000250  8000250        0     1                 CopyDataInit
 8000260  8000260        0     1                 LoopCopyDataInit
 8000270  8000270        0     1                 CopySharedDataInit
 800027e  800027e        0     1                 LoopSharedCopyDataInit
 800028c  800028c        0     1                 FillZerobss
 8000292  8000292        0     1                 LoopFillZerobss
 8000298  8000298        0     1                 Init
 80002a4  80002a4        0     1                 $d.4
 80002c8  80002c8        c     1         build/reg.o:(.text.Default_Handler)
 80002c8  80002c8        0     1                 $t.3
 80002c8  80002c8        0     1                 Infinite_Loop
 80002c8  80002c8        a     1                 Default_Handler
 80002c9  80002c9        a     1                 ADC_IRQHandler
 80002c9  80002c9        a     1                 BusFault_Handler
 80002c9  80002c9        a     1                 CAN1_RX0_IRQHandler
 80002c9  80002c9        a     1                 CAN1_RX1_IRQHandler
 80002c9  80002c9        a     1                 CAN1_SCE_IRQHandler
 80002c9  80002c9        a     1                 CAN1_TX_IRQHandler
 80002c9  80002c9        a     1                 CAN2_RX0_IRQHandler
 80002c9  80002c9        a     1                 CAN2_RX1_IRQHandler
 80002c9  80002c9        a     1                 CAN2_SCE_IRQHandler
 80002c9  80002c9        a     1                 CAN2_TX_IRQHandler
 80002c9  80002c9        a     1                 CRYP_IRQHandler
 80002c9  80002c9        a     1                 DCMI_IRQHandler
 80002c9  80002c9        a     1                 DMA1_Stream0_IRQHandler
 80002c9  80002c9        a     1                 DMA1_Stream1_IRQHandler
 80002c9  80002c9        a     1                 DMA1_Stream2_IRQHandler
 80002c9  80002c9        a     1                 DMA1_Stream3_IRQHandler
 80002c9  80002c9        a     1                 DMA1_Stream4_IRQHandler
 80002c9  80002c9        a     1                 DMA1_Stream5_IRQHandler
 80002c9  80002c9        a     1                 DMA1_Stream6_IRQHandler
 80002c9  80002c9        a     1                 DMA1_Stream7_IRQHandler
 80002c9  80002c9        a     1                 DMA2_Stream0_IRQHandler
 80002c9  80002c9        a     1                 DMA2_Stream1_IRQHandler
 80002c9  80002c9        a     1                 DMA2_Stream2_IRQHandler
 80002c9  80002c9        a     1                 DMA2_Stream3_IRQHandler
 80002c9  80002c9        a     1                 DMA2_Stream4_IRQHandler
 80002c9  80002c9        a     1                 DMA2_Stream5_IRQHandler
 80002c9  80002c9        a     1                 DMA2_Stream6_IRQHandler
 80002c9  80002c9        a     1                 DMA2_Stream7_IRQHandler
 80002c9  80002c9        a     1                 DebugMon_Handler
 80002c9  80002c9        a     1                 ETH_IRQHandler
 80002c9  80002c9        a     1                 ETH_WKUP_IRQHandler
 80002c9  80002c9        a     1                 EXTI0_IRQHandler
 80002c9  80002c9        a     1                 EXTI15_10_IRQHandler
 80002c9  80002c9        a     1                 EXTI1_IRQHandler
 80002c9  80002c9        a     1                 EXTI2_IRQHandler
 80002c9  80002c9        a     1                 EXTI3_IRQHandler
 80002c9  80002c9        a     1                 EXTI4_IRQHandler
 80002c9  80002c9        a     1                 EXTI9_5_IRQHandler
 80002c9  80002c9        a     1                 FLASH_IRQHandler
 80002c9  80002c9        a     1                 FPU_IRQHandler
 80002c9  80002c9        a     1                 FSMC_IRQHandler
 80002c9  80002c9        a     1                 HASH_RNG_IRQHandler
 80002c9  80002c9        a     1                 I2C1_ER_IRQHandler
 80002c9  80002c9        a     1                 I2C1_EV_IRQHandler
 80002c9  80002c9        a     1                 I2C2_ER_IRQHandler
 80002c9  80002c9        a     1                 I2C2_EV_IRQHandler
 80002c9  80002c9        a     1                 I2C3_ER_IRQHandler
 80002c9  80002c9        a     1                 I2C3_EV_IRQHandler
 80002c9  80002c9        a     1                 MemManage_Handler
 80002c9  80002c9        a     1                 NMI_Handler
 80002c9  80002c9        a     1                 OTG_FS_IRQHandler
 80002c9  80002c9        a     1                 OTG_FS_WKUP_IRQHandler
 80002c9  80002c9        a     1                 OTG_HS_EP1_IN_IRQHandler
 80002c9  80002c9        a     1                 OTG_HS_EP1_OUT_IRQHandler
 80002c9  80002c9        a     1                 OTG_HS_IRQHandler
 80002c9  80002c9        a     1                 OTG_HS_WKUP_IRQHandler
 80002c9  80002c9        a     1                 PVD_IRQHandler
 80002c9  80002c9        a     1                 PendSV_Handler
 80002c9  80002c9        a     1                 RCC_IRQHandler
 80002c9  80002c9        a     1                 RTC_Alarm_IRQHandler
 80002c9  80002c9        a     1                 RTC_WKUP_IRQHandler
 80002c9  80002c9        a     1                 SDIO_IRQHandler
 80002c9  80002c9        a     1                 SPI1_IRQHandler
 80002c9  80002c9        a     1                 SPI2_IRQHandler
 80002c9  80002c9        a     1                 SPI3_IRQHandler
 80002c9  80002c9        a     1                 SVC_Handler
 80002c9  80002c9        a     1                 SysTick_Handler
 80002c9  80002c9        a     1                 TAMP_STAMP_IRQHandler
 80002c9  80002c9        a     1                 TIM1_BRK_TIM9_IRQHandler
 80002c9  80002c9        a     1                 TIM1_CC_IRQHandler
 80002c9  80002c9        a     1                 TIM1_TRG_COM_TIM11_IRQHandler
 80002c9  80002c9        a     1                 TIM1_UP_TIM10_IRQHandler
 80002c9  80002c9        a     1                 TIM2_IRQHandler
 80002c9  80002c9        a     1                 TIM3_IRQHandler
 80002c9  80002c9        a     1                 TIM4_IRQHandler
 80002c9  80002c9        a     1                 TIM5_IRQHandler
 80002c9  80002c9        a     1                 TIM6_DAC_IRQHandler
 80002c9  80002c9        a     1                 TIM7_IRQHandler
 80002c9  80002c9        a     1                 TIM8_BRK_TIM12_IRQHandler
 80002c9  80002c9        a     1                 TIM8_CC_IRQHandler
 80002c9  80002c9        a     1                 TIM8_TRG_COM_TIM14_IRQHandler
 80002c9  80002c9        a     1                 TIM8_UP_TIM13_IRQHandler
 80002c9  80002c9        a     1                 UART4_IRQHandler
 80002c9  80002c9        a     1                 UART5_IRQHandler
 80002c9  80002c9        a     1                 USART1_IRQHandler
 80002c9  80002c9        a     1                 USART2_IRQHandler
 80002c9  80002c9        a     1                 USART3_IRQHandler
 80002c9  80002c9        a     1                 USART6_IRQHandler
 80002c9  80002c9        a     1                 UsageFault_Handler
 80002c9  80002c9        a     1                 WWDG_IRQHandler
 80002d2  80002d2        2     1                 Default_Handler1
 80002d2  80002d2        0     1                 Infinite_Loop1
 80002d3  80002d3        2     1                 HardFault_Handler
 80002d4  80002d4        0     1         . = ALIGN ( 4 )
 80002d4  80002d4        0     1         _etext = .
 80002d4  80002d4        0     1         _exit = .
 80002d4  80002d4        c     1 .rtmkcode
 80002d4  80002d4        c     1         . = ALIGN ( 32 )
 80002e0  80002e0        0     1         _srtmkcode = .
 80002e0  80002e0        0     1         . = ALIGN ( 32 )
 80002e0  80002e0        0     1         _ertmkcode = .
 80002e0  80002e0     1d60     2 .csection0
 80002e0  80002e0     1d20     1         . = 134225920
 8002000  8002000        0     1         _scsection0 = .
 8002000  8002000       3e     2         /tmp/firmware-12dcf7.o:(.csection0)
 8002000  8002000        0     1                 $t.0
 8002001  8002001       28     1                 foo
 8002029  8002029       16     1                 main
 800203e  800203e        2     1         . = 134225984
 8002040  8002040        0     1         _ecsection0 = .
 8002040  8002040       c0     2 .csection1
 8002040  8002040       40     1         . = 134226048
 8002080  8002080        0     1         _scsection1 = .
 8002080  8002080       56     2         /tmp/firmware-12dcf7.o:(.csection1)
 8002080  8002080        0     1                 $t.1
 8002081  8002081       56     1                 jail
 80020d6  80020d6       2a     1         . = 134226176
 8002100  8002100        0     1         _ecsection1 = .
 8002100  8002100       40     2 .csection2
 8002100  8002100        0     1         . = 134226176
 8002100  8002100        0     1         _scsection2 = .
 8002100  8002100       2c     2         /tmp/firmware-12dcf7.o:(.csection2)
 8002100  8002100        0     1                 $t.2
 8002101  8002101       2c     1                 SystemInit
 800212c  800212c       14     1         . = 134226240
 8002140  8002140        0     1         _ecsection2 = .
 8002140  8002140      2c0     2 .csection3
 8002140  8002140       c0     1         . = 134226432
 8002200  8002200        0     1         _scsection3 = .
 8002200  8002200      17c     2         /tmp/firmware-12dcf7.o:(.csection3)
 8002200  8002200        0     1                 $t.3
 8002201  8002201       1c     1                 NVIC_PriorityGroupConfig
 800221d  800221d       ce     1                 NVIC_Init
 80022eb  80022eb       24     1                 NVIC_SetVectorTable
 800230f  800230f       3a     1                 NVIC_SystemLPConfig
 8002349  8002349       34     1                 SysTick_CLKSourceConfig
 800237c  800237c       84     1         . = 134226944
 8002400  8002400        0     1         _ecsection3 = .
 8002400  8002400     1c00     2 .csection4
 8002400  8002400      c00     1         . = 134230016
 8003000  8003000        0     1         _scsection4 = .
 8003000  8003000      bf4     2         /tmp/firmware-12dcf7.o:(.csection4)
 8003000  8003000        0     1                 $t.4
 8003001  8003001       50     1                 RCC_DeInit
 8003051  8003051       1c     1                 RCC_HSEConfig
 800306d  800306d       60     1                 RCC_WaitForHSEStartUp
 80030cd  80030cd       7a     1                 RCC_GetFlagStatus
 8003147  8003147       32     1                 RCC_AdjustHSICalibrationValue
 8003179  8003179       12     1                 RCC_HSICmd
 800318b  800318b       4c     1                 RCC_LSEConfig
 80031d7  80031d7       14     1                 RCC_LSICmd
 80031eb  80031eb       3e     1                 RCC_PLLConfig
 8003229  8003229       12     1                 RCC_PLLCmd
 800323b  800323b       1e     1                 RCC_PLLI2SConfig
 8003259  8003259       12     1                 RCC_PLLI2SCmd
 800326b  800326b       12     1                 RCC_ClockSecuritySystemCmd
 800327d  800327d       32     1                 RCC_MCO1Config
 80032af  80032af       32     1                 RCC_MCO2Config
 80032e1  80032e1       2c     1                 RCC_SYSCLKConfig
 800330d  800330d       10     1                 RCC_GetSYSCLKSource
 800331d  800331d       2c     1                 RCC_HCLKConfig
 8003349  8003349       2c     1                 RCC_PCLK1Config
 8003375  8003375       2e     1                 RCC_PCLK2Config
 80033a3  80033a3      162     1                 RCC_GetClocksFreq
 8003505  8003505       5a     1                 RCC_RTCCLKConfig
 800355f  800355f       14     1                 RCC_RTCCLKCmd
 8003573  8003573       14     1                 RCC_BackupResetCmd
 8003587  8003587       14     1                 RCC_I2SCLKConfig
 800359b  800359b       34     1                 RCC_AHB1PeriphClockCmd
 80035cf  80035cf       34     1                 RCC_AHB2PeriphClockCmd
 8003603  8003603       34     1                 RCC_AHB3PeriphClockCmd
 8003637  8003637       34     1                 RCC_APB1PeriphClockCmd
 800366b  800366b       34     1                 RCC_APB2PeriphClockCmd
 800369f  800369f       34     1                 RCC_AHB1PeriphResetCmd
 80036d3  80036d3       34     1                 RCC_AHB2PeriphResetCmd
 8003707  8003707       34     1                 RCC_AHB3PeriphResetCmd
 800373b  800373b       34     1                 RCC_APB1PeriphResetCmd
 800376f  800376f       34     1                 RCC_APB2PeriphResetCmd
 80037a3  80037a3       34     1                 RCC_AHB1PeriphClockLPModeCmd
 80037d7  80037d7       34     1                 RCC_AHB2PeriphClockLPModeCmd
 800380b  800380b       34     1                 RCC_AHB3PeriphClockLPModeCmd
 800383f  800383f       34     1                 RCC_APB1PeriphClockLPModeCmd
 8003873  8003873       34     1                 RCC_APB2PeriphClockLPModeCmd
 80038a7  80038a7       3a     1                 RCC_ITConfig
 80038e1  80038e1       12     1                 RCC_ClearFlag
 80038f3  80038f3       30     1                 RCC_GetITStatus
 8003923  8003923       18     1                 RCC_ClearITPendingBit
 800393b  800393b       50     1                 RCC_Sysinit
 800398b  800398b      136     1                 SystemCoreClockUpdate
 8003ac1  8003ac1      134     1                 SetSysClock
 8003bf4  8003bf4      40c     1         . = 134234112
 8004000  8004000        0     1         _ecsection4 = .
 8004000  8004000      200     2 .csection5
 8004000  8004000        0     1         . = 134234112
 8004000  8004000        0     1         _scsection5 = .
 8004000  8004000      1f4     2         /tmp/firmware-12dcf7.o:(.csection5)
 8004000  8004000        0     1                 $t.5
 8004001  8004001       3e     1                 EXTI_DeInit
 800403f  800403f       ea     1                 EXTI_Init
 8004129  8004129       1c     1                 EXTI_StructInit
 8004145  8004145       18     1                 EXTI_GenerateSWInterrupt
 800415d  800415d       2c     1                 EXTI_GetFlagStatus
 8004189  8004189       14     1                 EXTI_ClearFlag
 800419d  800419d       44     1                 EXTI_GetITStatus
 80041e1  80041e1       14     1                 EXTI_ClearITPendingBit
 80041f4  80041f4        c     1         . = 134234624
 8004200  8004200        0     1         _ecsection5 = .
 8004200  8004200      e00     2 .csection6
 8004200  8004200      600     1         . = 134236160
 8004800  8004800        0     1         _scsection6 = .
 8004800  8004800      426     2         /tmp/firmware-12dcf7.o:(.csection6)
 8004800  8004800        0     1                 $t.6
 8004801  8004801      160     1                 GPIO_DeInit
 8004961  8004961       f6     1                 GPIO_Init
 8004a57  8004a57       22     1                 GPIO_StructInit
 8004a79  8004a79       3c     1                 GPIO_PinLockConfig
 8004ab5  8004ab5       34     1                 GPIO_ReadInputDataBit
 8004ae9  8004ae9        e     1                 GPIO_ReadInputData
 8004af7  8004af7       34     1                 GPIO_ReadOutputDataBit
 8004b2b  8004b2b        e     1                 GPIO_ReadOutputData
 8004b39  8004b39       14     1                 GPIO_SetBits
 8004b4d  8004b4d       14     1                 GPIO_ResetBits
 8004b61  8004b61       28     1                 GPIO_WriteBit
 8004b89  8004b89       14     1                 GPIO_Write
 8004b9d  8004b9d       18     1                 GPIO_ToggleBits
 8004bb5  8004bb5       72     1                 GPIO_PinAFConfig
 8004c26  8004c26      3da     1         . = 134238208
 8005000  8005000        0     1         _ecsection6 = .
 8005000  8005000      100     2 .csection7
 8005000  8005000        0     1         . = 134238208
 8005000  8005000        0     1         _scsection7 = .
 8005000  8005000       dc     2         /tmp/firmware-12dcf7.o:(.csection7)
 8005000  8005000        0     1                 $t.7
 8005001  8005001       1e     1                 SYSCFG_DeInit
 800501f  800501f       18     1                 SYSCFG_MemoryRemapConfig
 8005037  8005037       56     1                 SYSCFG_EXTILineConfig
 800508d  800508d       12     1                 SYSCFG_ETH_MediaInterfaceConfig
 800509f  800509f       14     1                 SYSCFG_CompensationCellCmd
 80050b3  80050b3       2a     1                 SYSCFG_GetCompensationCellStatus
 80050dc  80050dc       24     1         . = 134238464
 8005100  8005100        0     1         _ecsection7 = .
 8005100  8005100       10     4 .ARM
 8005100  8005100        0     1         __exidx_start = .
 8005100  8005100       10     4         <internal>:(.ARM.exidx)
 8005110  8005110        0     1         __exidx_end = .
 8005110  8005110        0     1 _sisdata = .
20000000 20000000        0     1 .shared
20000000 20000000        0     1         . = ALIGN ( 4 )
20000000 20000000        0     1         _ssdata = .
20000000 20000000        0     1         . = ALIGN ( 4 )
20000000 20000000        0     1         _eshared = .
20000000 20000000        0     1 _shared_region = _eshared
20000000 20000000        0     1 _sidata = _sisdata + SIZEOF ( .shared )
20001400 20001400        0     1 .data
20001400 20001400        0     1         . = ALIGN ( 32 )
20001400 20001400        0     1         _sdata = .
20001400 20001400        0     1         . = ALIGN ( 32 )
20001400 20001400        0     1         _edata = .
20001400 20001400        0     1 compartLMA = SIZEOF ( .data )
20001400 20001400        0     1 .rtmkdata
20001400 20001400        0     1         . = ALIGN ( 32 )
20001400 20001400        0     1         _srtmkdata = .
20001400 20001400        0     1         sstart = .
20001400 20001400        0     1         . = ALIGN ( 32 )
20001400 20001400        0     1         _ertmkdata = .
20001400 20001400        0     1         _edata = .
20001400 20001400        0     1         send = .
20001400 20001400        0     1 compartLMA = compartLMA + SIZEOF ( .rtmkdata )
20001400 20001400        0     1 .kernsyms
20001400 20001400        0     1         . = ALIGN ( 32 )
20001400 20001400        0     1         _skernsyms = .
20001400 20001400        0     1         . = ALIGN ( 32 )
20001400 20001400        0     1         _ekernsyms = .
20001400  8005110     1c00     4 .osection0
20001400  8005110      c00     1         . = 536879104
20002000  8005d10        0     1         _sosection0 = .
20002000  8005d10      fd4     4         /tmp/firmware-12dcf7.o:(.osection0)
20002000  8005d10      fa0     1                 array_local
20002fa0  8006cb0       10     1                 AHBPrescTable
20002fb0  8006cc0       10     1                 APBAHBPrescTable
20002fc0  8006cd0        4     1                 SystemCoreClock
20002fc4  8006cd4       10     1                 AHBPrescTable.5
20002fd4  8006ce4       2c     1         . = 536883200
20003000  8006d10        0     1         _eosection0 = .
20003000  8006d10        0     1 compartLMA = compartLMA + SIZEOF ( .osection0 )
20003000  8006d10        0     1 _edata = .
20003000  8006d10        0     1 _edata = .
20003000  8006d10        0     1 . = ALIGN ( 4 )
20003000  8006d10        0     1 .bss
20003000  8006d10        0     1         _sbss = .
20003000  8006d10        0     1         __bss_start__ = _sbss
20003000  8006d10        0     1         . = ALIGN ( 4 )
20003000  8006d10        0     1         _ebss = .
20003000  8006d10        0     1         __bss_end__ = _ebss
       0        0       47     1 .ARM.attributes
       0        0       47     1         /tmp/firmware-12dcf7.o:(.ARM.attributes)
       0        0      2f5     1 .debug_abbrev
       0        0      2d6     1         /tmp/firmware-12dcf7.o:(.debug_abbrev)
     2d6      2d6       1f     1         build/reg.o:(.debug_abbrev)
       0        0     1e67     1 .debug_info
       0        0     1c0b     1         /tmp/firmware-12dcf7.o:(.debug_info)
    1c0b     1c0b      25c     1         build/reg.o:(.debug_info)
       0        0     1104     1 .debug_str
       0        0     1104     1         <internal>:(.debug_str)
       0        0       29     1 .comment
       0        0       29     1         <internal>:(.comment)
       0        0      6c0     4 .debug_frame
       0        0      6c0     4         /tmp/firmware-12dcf7.o:(.debug_frame)
       0        0     172f     1 .debug_line
       0        0     1674     1         /tmp/firmware-12dcf7.o:(.debug_line)
    1674     1674       bb     1         build/reg.o:(.debug_line)
       0        0       30     1 .debug_aranges
       0        0       30     1         build/reg.o:(.debug_aranges)
       0        0       38     1 .debug_ranges
       0        0       38     1         build/reg.o:(.debug_ranges)
       0        0     1010     4 .symtab
       0        0     1010     4         <internal>:(.symtab)
       0        0      13a     1 .shstrtab
       0        0      13a     1         <internal>:(.shstrtab)
       0        0     10a1     1 .strtab
       0        0     10a1     1         <internal>:(.strtab)
